../Core/Src/main.cpp:69:6:void HAL_CAN_RxFifo0MsgPendingCallback(CAN_HandleTypeDef*)	48	static
../Core/Src/main.cpp:94:5:int main()	8	static
../Core/Src/main.cpp:187:6:void SystemClock_Config()	72	static
../Core/Src/main.cpp:224:13:void MX_CAN_Init()	48	static
../Core/Src/main.cpp:272:13:void MX_USART1_UART_Init()	8	static
../Core/Src/main.cpp:303:13:void MX_GPIO_Init()	16	static
../Core/Src/main.cpp:319:6:void Error_Handler()	4	static,ignoring_inline_asm
../Core/Src/main.cpp:326:1:void __static_initialization_and_destruction_0(int, int)	16	static
../Core/Src/main.cpp:326:1:cpp)	8	static
../Core/Src/main.cpp:326:1:cpp)	8	static
