../Core/Src/main.cpp:69:6:void floatToTwoInts(float, int*, int*)	24	static
../Core/Src/main.cpp:75:6:void HAL_CAN_RxFifo0MsgPendingCallback(CAN_HandleTypeDef*)	56	static
../Core/Src/main.cpp:105:5:int main()	8	static
../Core/Src/main.cpp:199:6:void SystemClock_Config()	72	static
../Core/Src/main.cpp:236:13:void MX_CAN_Init()	48	static
../Core/Src/main.cpp:284:13:void MX_USART1_UART_Init()	8	static
../Core/Src/main.cpp:315:13:void MX_GPIO_Init()	16	static
../Core/Src/main.cpp:331:6:void Error_Handler()	4	static,ignoring_inline_asm
../Core/Src/main.cpp:338:1:void __static_initialization_and_destruction_0(int, int)	16	static
../Core/Src/main.cpp:338:1:cpp)	8	static
../Core/Src/main.cpp:338:1:cpp)	8	static
